// Jest Snapshot v1, https://goo.gl/fbAQLP

exports[`transform block render transform block should match snapshot 1`] = `
<div
  className="sc-bdvvtL coAMqL"
>
  <div
    className="draggerArea"
    id="draggerWrapper"
    onClickCapture={[Function]}
  >
    <span>
      <div
        className="ant-upload ant-upload-drag"
        onDragLeave={[Function]}
        onDragOver={[Function]}
        onDrop={[Function]}
        style={
          Object {
            "height": undefined,
          }
        }
      >
        <span
          className="ant-upload ant-upload-btn"
          onClick={[Function]}
          onDragOver={[Function]}
          onDrop={[Function]}
          onKeyDown={[Function]}
          role="button"
          tabIndex="0"
        >
          <input
            accept="image/*,video/*"
            multiple={true}
            onChange={[Function]}
            onClick={[Function]}
            style={
              Object {
                "display": "none",
              }
            }
            type="file"
          />
          <div
            className="ant-upload-drag-container"
          >
            <p
              className="ant-upload-drag-icon"
            >
              <span
                aria-label="upload"
                className="anticon anticon-upload"
                role="img"
              >
                <svg
                  aria-hidden="true"
                  data-icon="upload"
                  fill="currentColor"
                  focusable="false"
                  height="1em"
                  viewBox="64 64 896 896"
                  width="1em"
                >
                  <path
                    d="M400 317.7h73.9V656c0 4.4 3.6 8 8 8h60c4.4 0 8-3.6 8-8V317.7H624c6.7 0 10.4-7.7 6.3-12.9L518.3 163a8 8 0 00-12.6 0l-112 141.7c-4.1 5.3-.4 13 6.3 13zM878 626h-60c-4.4 0-8 3.6-8 8v154H214V634c0-4.4-3.6-8-8-8h-60c-4.4 0-8 3.6-8 8v198c0 17.7 14.3 32 32 32h684c17.7 0 32-14.3 32-32V634c0-4.4-3.6-8-8-8z"
                  />
                </svg>
              </span>
            </p>
            <p
              className="ant-upload-text"
            >
              点击或拖拽上传图片或视频
            </p>
            <p
              className="ant-upload-hint"
            >
              文件格式：.jpg .png .mp4 .webm .ogg
              <br />
              文件大小限制：2MB
            </p>
          </div>
        </span>
      </div>
    </span>
  </div>
  <div
    className="draggerArea resultArea"
  >
    <span>
      <div
        className="ant-upload ant-upload-drag displayDragger"
        onDragLeave={[Function]}
        onDragOver={[Function]}
        onDrop={[Function]}
        style={
          Object {
            "height": undefined,
          }
        }
      >
        <span
          className="ant-upload ant-upload-btn"
          onClick={[Function]}
          onDragOver={[Function]}
          onDrop={[Function]}
          onKeyDown={[Function]}
          role="button"
          tabIndex="0"
        >
          <input
            accept=""
            multiple={false}
            onChange={[Function]}
            onClick={[Function]}
            style={
              Object {
                "display": "none",
              }
            }
            type="file"
          />
          <div
            className="ant-upload-drag-container"
          />
        </span>
      </div>
      <div
        className="ant-upload-list ant-upload-list-picture"
      />
    </span>
  </div>
</div>
`;
