// Jest Snapshot v1, https://goo.gl/fbAQLP

exports[`actions about showing and deleting history items showing history list should be done correctly 1`] = `
<div>
  <div>
    <span
      aria-label="close"
      className="anticon anticon-close"
      onClick={[Function]}
      role="img"
      tabIndex={-1}
    >
      <svg
        aria-hidden="true"
        data-icon="close"
        fill="currentColor"
        focusable="false"
        height="1em"
        viewBox="64 64 896 896"
        width="1em"
      >
        <path
          d="M563.8 512l262.5-312.9c4.4-5.2.7-13.1-6.1-13.1h-79.8c-4.7 0-9.2 2.1-12.3 5.7L511.6 449.8 295.1 191.7c-3-3.6-7.5-5.7-12.3-5.7H203c-6.8 0-10.5 7.9-6.1 13.1L459.4 512 196.9 824.9A7.95 7.95 0 00203 838h79.8c4.7 0 9.2-2.1 12.3-5.7l216.5-258.1 216.5 258.1c3 3.6 7.5 5.7 12.3 5.7h79.8c6.8 0 10.5-7.9 6.1-13.1L563.8 512z"
        />
      </svg>
    </span>
    <div
      className="ant-card ant-card-bordered ant-card-contain-grid"
    >
      <div
        className="ant-card-head"
        style={Object {}}
      >
        <div
          className="ant-card-head-wrapper"
        >
          <div
            className="ant-card-head-title"
          >
            日期：
          </div>
        </div>
      </div>
      <div
        className="ant-card-body"
        style={Object {}}
      >
        <div
          className="ant-card-grid"
        >
          <img
            alt="raw image"
            src="http://101.35.24.184mock/rawMaterial"
          />
          <div
            className="conceal"
            onClick={[Function]}
          >
            <span>
              下载
            </span>
          </div>
        </div>
        <div
          className="ant-card-grid"
        >
          <img
            alt="processed image"
            src="http://101.35.24.184mock/result"
          />
          <div
            className=""
            onClick={[Function]}
          >
            <span>
              下载
            </span>
          </div>
        </div>
      </div>
    </div>
  </div>
  <div>
    <span
      aria-label="close"
      className="anticon anticon-close"
      onClick={[Function]}
      role="img"
      tabIndex={-1}
    >
      <svg
        aria-hidden="true"
        data-icon="close"
        fill="currentColor"
        focusable="false"
        height="1em"
        viewBox="64 64 896 896"
        width="1em"
      >
        <path
          d="M563.8 512l262.5-312.9c4.4-5.2.7-13.1-6.1-13.1h-79.8c-4.7 0-9.2 2.1-12.3 5.7L511.6 449.8 295.1 191.7c-3-3.6-7.5-5.7-12.3-5.7H203c-6.8 0-10.5 7.9-6.1 13.1L459.4 512 196.9 824.9A7.95 7.95 0 00203 838h79.8c4.7 0 9.2-2.1 12.3-5.7l216.5-258.1 216.5 258.1c3 3.6 7.5 5.7 12.3 5.7h79.8c6.8 0 10.5-7.9 6.1-13.1L563.8 512z"
        />
      </svg>
    </span>
    <div
      className="ant-card ant-card-bordered ant-card-contain-grid"
    >
      <div
        className="ant-card-head"
        style={Object {}}
      >
        <div
          className="ant-card-head-wrapper"
        >
          <div
            className="ant-card-head-title"
          >
            日期：
          </div>
        </div>
      </div>
      <div
        className="ant-card-body"
        style={Object {}}
      >
        <div
          className="ant-card-grid"
        >
          <video
            controls="controls"
            src="http://101.35.24.184mock/rawMaterial"
          >
            该浏览器不支持 video 播放，请下载后观看
          </video>
          <div
            className="conceal"
            onClick={[Function]}
          >
            <span>
              下载
            </span>
          </div>
        </div>
        <div
          className="ant-card-grid"
        >
          <video
            controls="controls"
            src="http://101.35.24.184mock/result"
          >
            该浏览器不支持 video 播放，请下载后观看
          </video>
          <div
            className=""
            onClick={[Function]}
          >
            <span>
              下载
            </span>
          </div>
        </div>
      </div>
    </div>
  </div>
</div>
`;
